/users/cprior/venvs/pyc2ray-env/bin/python

                 _________   ____
    ____  __  __/ ____/__ \ / __ \____ ___  __
   / __ \/ / / / /    __/ // /_/ / __ `/ / / /
  / /_/ / /_/ / /___ / __// _, _/ /_/ / /_/ /
 / .___/\__, /\____//____/_/ |_|\__,_/\__, /
/_/    /____/                        /____/

Log file for pyC2Ray.


Welcome! Mesh size is N = 100.
Simulation Box size (comoving Mpc): 1.000e+02
Cosmology is on, scaling comoving quantities to the initial redshift, which is z0 = 21.482...
Cosmological parameters used:
h   = 0.6700, Tcmb0 = 2.726e+00
Om0 = 0.3200, Ob0   = 0.0440
Using dpl to model the stellar-to-halo relation with parameters: {'Nion': 2000.0, 'f0': 0.02, 'Mt': 10000000000.0, 'Mp': 10000000000.0, 'g1': -0.3, 'g2': -0.3, 'g3': 0, 'g4': -0.0, 'alpha_h': 0.79, 'a_s': -0.20046, 'b_s': 3.34619}.
Using EXP accretion to model.
No bustiness model for the star formation history.
Using constant escaping fraction model with f0_esc = 0.1

---- Calculated Clumping Factor (constant model):
 min, mean and max clumping : 1.000e+00  1.000e+00  1.000e+00

---- Calculated Mean-Free Path (Worseck2014 model):
Maximum comoving distance for photons from source mfp = 10.16 cMpc (Worseck2014 model) : A = 210.00 Mpc, eta = -9.00.
This corresponds to 10.164 grid cells.

Using ASORA Raytracing (q_max = 18.0)
Using power-law opacity with 2000 table points between tau=10^(-20) and tau=10^(4)
Using Black-Body sources with effective temperature T = 5.0e+04 K and Radius  1.437e-11 rsun
Spectrum Frequency Range: 3.288e+15 to 1.316e+17 Hz
This is Energy:           1.360e+01 to 5.442e+02 eV
Integrating photoionization rate tables...
Successfully copied radiation tables to GPU memory.
Using 4 MPI Ranks
Starting simulation... 


Running: "C2Ray for 100 Mpc/h volume"
